// Jest Snapshot v1, https://goo.gl/fbAQLP

exports[`button test ui button whith text 1`] = `
<button
  class="text text_type_button text_color_primary button undefined false "
  type="button"
>
  <p
    class="text undefined"
  >
    Hello
  </p>
</button>
`;

exports[`button test ui button with text 1`] = `
<button
  class="text text_type_button text_color_primary button undefined false "
  type="button"
>
  <p
    class="text undefined"
  >
    Hello
  </p>
</button>
`;
